// Jest Snapshot v1, https://goo.gl/fbAQLP

exports[`Config$Base static properties should correctly 1`] = `
"module.exports = {
  cli: {
    commands: {
      console: {
        nodeREPL: {
          prompt: '🍛 > ',
          useColors: true
        }
      }
    }
  },
  repl: {
    loadModules: [
      'src/**/{forms,models,records}/**/*.{js,ts}',
      '!src/**/__tests__/*.test.{js,ts}'
    ],
    moduleAliases: {
      '@': './src'
    }
  }
};"
`;
