// Jest Snapshot v1, https://goo.gl/fbAQLP

exports[`Config$Base static properties should correctly 1`] = `
"module.exports = {
  backend: {
    mock_server: {
      loadData: [
        './backend/mock_server/data/**/*.{js,json}'
      ],
      dist: {
        db: './backend/mock_server/db.json',
        routes: './backend/mock_server/routes.json'
      }
    }
  },
  cli: {
    commands: {
      console: {
        nodeREPL: {
          prompt: '🍛 > ',
          useColors: true
        }
      }
    }
  },
  repl: {
    ruePackageRootPath: undefined,
    actions: {
      ancestors: 'ancs',
      descriptors: 'desc',
      loadedModules: 'loaded',
      propertyList: 'lp',
      methodList: 'ls',
      prototype: 'proto',
      definition: 'show'
    },
    dotEnvPath: './.env',
    loadModules: [
      'src/**/{forms,models,records}/**/*.{js,ts}',
      '!src/**/__tests__/*.test.{js,ts}'
    ],
    moduleAliases: {
      '@': './src'
    }
  }
};"
`;
